0	0	-100.00000
0	1	-100.00000
0	2	-100.00000
0	3	-100.00000
0	4	-100.00000
1	0	-100.00000
1	1	-29.14618
1	2	98.25659
1	3	400.00000
1	4	-100.00000
2	0	-100.00000
2	1	-14.84131
2	2	122.17255
2	3	400.00000
2	4	-100.00000
3	0	-100.00000
3	1	-52.39160
3	2	5.27492
3	3	51.31873
3	4	-100.00000
4	0	-100.00000
4	1	-100.00000
4	2	-100.00000
4	3	-100.00000
4	4	-100.00000
