0.141176
0.141176
0.094118
0.094118
0.094118
0.094118
0.094118
0.094118
0.076470
0.076470
