0.000000
0.967054
0.000000
0.180008
0.180008
0.000000
0.000000
0.383092
0.000000
0.383092
0.454401
0.454401
0.383092
0.383092
