0.000000
0.459702
0.627963
0.627963
0.788675
0.577350
0.000000
0.211325
